This is pdfTeX, Version 3.141592653-2.6-1.40.24 (MiKTeX 22.7.30) (preloaded format=pdflatex 2022.8.13)  15 AUG 2022 21:36
entering extended mode
 restricted \write18 enabled.
 file:line:error style messages enabled.
 %&-line parsing enabled.
**c:/Users/Test/Documents/Code/test.tex
(c:/Users/Test/Documents/Code/test.tex
LaTeX2e <2022-06-01> patch level 5
L3 programming layer <2022-08-05> (C:\Users\Test\AppData\Local\Programs\MiKTeX\tex/latex/base\article.cls
Document Class: article 2021/10/04 v1.4n Standard LaTeX document class
(C:\Users\Test\AppData\Local\Programs\MiKTeX\tex/latex/base\size12.clo
File: size12.clo 2021/10/04 v1.4n Standard LaTeX file (size option)
)
\c@part=\count185
\c@section=\count186
\c@subsection=\count187
\c@subsubsection=\count188
\c@paragraph=\count189
\c@subparagraph=\count190
\c@figure=\count191
\c@table=\count192
\abovecaptionskip=\skip47
\belowcaptionskip=\skip48
\bibindent=\dimen138
) (C:\Users\Test\AppData\Local\Programs\MiKTeX\tex/latex/geometry\geometry.sty
Package: geometry 2020/01/02 v5.9 Page Geometry
 (C:\Users\Test\AppData\Local\Programs\MiKTeX\tex/latex/graphics\keyval.sty
Package: keyval 2022/05/29 v1.15 key=value parser (DPC)
\KV@toks@=\toks16
) (C:\Users\Test\AppData\Local\Programs\MiKTeX\tex/generic/iftex\ifvtex.sty
Package: ifvtex 2019/10/25 v1.7 ifvtex legacy package. Use iftex instead.
 (C:\Users\Test\AppData\Local\Programs\MiKTeX\tex/generic/iftex\iftex.sty
Package: iftex 2022/02/03 v1.0f TeX engine tests
))
\Gm@cnth=\count193
\Gm@cntv=\count194
\c@Gm@tempcnt=\count195
\Gm@bindingoffset=\dimen139
\Gm@wd@mp=\dimen140
\Gm@odd@mp=\dimen141
\Gm@even@mp=\dimen142
\Gm@layoutwidth=\dimen143
\Gm@layoutheight=\dimen144
\Gm@layouthoffset=\dimen145
\Gm@layoutvoffset=\dimen146
\Gm@dimlist=\toks17
 (C:\Users\Test\AppData\Local\Programs\MiKTeX\tex/latex/geometry\geometry.cfg)) (C:\Users\Test\AppData\Local\Programs\MiKTeX\tex/latex/base\inputenc.sty
Package: inputenc 2021/02/14 v1.3d Input encoding file
\inpenc@prehook=\toks18
\inpenc@posthook=\toks19
) (C:\Users\Test\AppData\Local\Programs\MiKTeX\tex/latex/base\fontenc.sty
Package: fontenc 2021/04/29 v2.0v Standard LaTeX package
) (C:\Users\Test\AppData\Local\Programs\MiKTeX\tex/latex/ebgaramond\ebgaramond.sty
Package: ebgaramond 2020/04/12 (Bob Tennent and autoinst) Style file for EB Garamond fonts.
 (C:\Users\Test\AppData\Local\Programs\MiKTeX\tex/generic/iftex\ifxetex.sty
Package: ifxetex 2019/10/25 v0.7 ifxetex legacy package. Use iftex instead.
) (C:\Users\Test\AppData\Local\Programs\MiKTeX\tex/generic/iftex\ifluatex.sty
Package: ifluatex 2019/10/25 v1.5 ifluatex legacy package. Use iftex instead.
) (C:\Users\Test\AppData\Local\Programs\MiKTeX\tex/latex/xkeyval\xkeyval.sty
Package: xkeyval 2022/06/16 v2.9 package option processing (HA)
 (C:\Users\Test\AppData\Local\Programs\MiKTeX\tex/generic/xkeyval\xkeyval.tex (C:\Users\Test\AppData\Local\Programs\MiKTeX\tex/generic/xkeyval\xkvutils.tex
\XKV@toks=\toks20
\XKV@tempa@toks=\toks21
)
\XKV@depth=\count196
File: xkeyval.tex 2014/12/03 v2.7a key=value parser (HA)
)) (C:\Users\Test\AppData\Local\Programs\MiKTeX\tex/latex/base\textcomp.sty
Package: textcomp 2020/02/02 v2.0n Standard LaTeX package
) (C:\Users\Test\AppData\Local\Programs\MiKTeX\tex/latex/base\fontenc.sty
Package: fontenc 2021/04/29 v2.0v Standard LaTeX package
) (C:\Users\Test\AppData\Local\Programs\MiKTeX\tex/latex/fontaxes\fontaxes.sty
Package: fontaxes 2020/07/21 v1.0e Font selection axes
LaTeX Info: Redefining \upshape on input line 29.
LaTeX Info: Redefining \itshape on input line 31.
LaTeX Info: Redefining \slshape on input line 33.
LaTeX Info: Redefining \swshape on input line 35.
LaTeX Info: Redefining \scshape on input line 37.
LaTeX Info: Redefining \sscshape on input line 39.
LaTeX Info: Redefining \ulcshape on input line 41.
LaTeX Info: Redefining \textsw on input line 47.
LaTeX Info: Redefining \textssc on input line 48.
LaTeX Info: Redefining \textulc on input line 49.
)
LaTeX Info: Redefining \oldstylenums on input line 179.
LaTeX Info: Redefining \textsw on input line 187.
)
LaTeX Font Info:    Trying to load font information for T1+EBGaramond-OsF on input line 11.
 (C:\Users\Test\AppData\Local\Programs\MiKTeX\tex/latex/ebgaramond\t1ebgaramond-osf.fd
File: T1EBGaramond-OsF.fd 2019/10/22 (autoinst) Font definitions for T1/EBGaramond-OsF.
)
LaTeX Font Info:    Font shape `T1/EBGaramond-OsF/m/n' in size <12> not available
(Font)              Font shape `T1/EBGaramond-OsF/regular/n' tried instead on input line 11.
LaTeX Font Info:    Font shape `T1/EBGaramond-OsF/regular/n' will be
(Font)              scaled to size 12.0pt on input line 11.
 (C:\Users\Test\AppData\Local\Programs\MiKTeX\tex/latex/l3backend\l3backend-pdftex.def
File: l3backend-pdftex.def 2022-08-05 L3 backend support: PDF output (pdfTeX)
\l__color_backend_stack_int=\count197
\l__pdf_internal_box=\box51
) (test.aux)
\openout1 = `test.aux'.

LaTeX Font Info:    Checking defaults for OML/cmm/m/it on input line 11.
LaTeX Font Info:    ... okay on input line 11.
LaTeX Font Info:    Checking defaults for OMS/cmsy/m/n on input line 11.
LaTeX Font Info:    ... okay on input line 11.
LaTeX Font Info:    Checking defaults for OT1/cmr/m/n on input line 11.
LaTeX Font Info:    ... okay on input line 11.
LaTeX Font Info:    Checking defaults for T1/cmr/m/n on input line 11.
LaTeX Font Info:    ... okay on input line 11.
LaTeX Font Info:    Checking defaults for TS1/cmr/m/n on input line 11.
LaTeX Font Info:    ... okay on input line 11.
LaTeX Font Info:    Checking defaults for OMX/cmex/m/n on input line 11.
LaTeX Font Info:    ... okay on input line 11.
LaTeX Font Info:    Checking defaults for U/cmr/m/n on input line 11.
LaTeX Font Info:    ... okay on input line 11.

*geometry* driver: auto-detecting
*geometry* detected driver: pdftex
*geometry* verbose mode - [ preamble ] result:
* driver: pdftex
* paper: a4paper
* layout: <same size as paper>
* layoutoffset:(h,v)=(0.0pt,0.0pt)
* modes: 
* h-part:(L,W,R)=(36.135pt, 525.23788pt, 36.135pt)
* v-part:(T,H,B)=(36.135pt, 772.77686pt, 36.135pt)
* \paperwidth=597.50787pt
* \paperheight=845.04684pt
* \textwidth=525.23788pt
* \textheight=772.77686pt
* \oddsidemargin=-36.135pt
* \evensidemargin=-36.135pt
* \topmargin=-73.135pt
* \headheight=12.0pt
* \headsep=25.0pt
* \topskip=12.0pt
* \footskip=30.0pt
* \marginparwidth=35.0pt
* \marginparsep=10.0pt
* \columnsep=10.0pt
* \skip\footins=10.8pt plus 4.0pt minus 2.0pt
* \hoffset=0.0pt
* \voffset=0.0pt
* \mag=1000
* \@twocolumnfalse
* \@twosidefalse
* \@mparswitchfalse
* \@reversemarginfalse
* (1in=72.27pt=25.4mm, 1cm=28.453pt)

\c@mv@tabular=\count198
\c@mv@boldtabular=\count199
LaTeX Font Info:    Font shape `T1/EBGaramond-OsF/m/n' in size <24.88> not available
(Font)              Font shape `T1/EBGaramond-OsF/regular/n' tried instead on input line 13.
LaTeX Font Info:    Font shape `T1/EBGaramond-OsF/regular/n' will be
(Font)              scaled to size 24.88pt on input line 13.
LaTeX Font Info:    Font shape `T1/EBGaramond-OsF/b/n' in size <24.88> not available
(Font)              Font shape `T1/EBGaramond-OsF/bold/n' tried instead on input line 13.
LaTeX Font Info:    Font shape `T1/EBGaramond-OsF/bold/n' will be
(Font)              scaled to size 24.88pt on input line 13.
LaTeX Font Info:    Font shape `T1/EBGaramond-OsF/m/n' in size <16> not available
(Font)              Font shape `T1/EBGaramond-OsF/regular/n' tried instead on input line 16.
LaTeX Font Info:    Font shape `T1/EBGaramond-OsF/regular/n' will be
(Font)              scaled to size 16.0pt on input line 16.
LaTeX Font Info:    Font shape `T1/EBGaramond-OsF/b/n' in size <12> not available
(Font)              Font shape `T1/EBGaramond-OsF/bold/n' tried instead on input line 27.
LaTeX Font Info:    Font shape `T1/EBGaramond-OsF/bold/n' will be
(Font)              scaled to size 12.0pt on input line 27.
LaTeX Font Info:    Font shape `T1/EBGaramond-OsF/m/it' in size <12> not available
(Font)              Font shape `T1/EBGaramond-OsF/regular/it' tried instead on input line 33.
LaTeX Font Info:    Font shape `T1/EBGaramond-OsF/regular/it' will be
(Font)              scaled to size 12.0pt on input line 33.

Overfull \hbox (1.13809pt too wide) in paragraph at lines 13--35
[]
 []


Underfull \hbox (badness 10000) in paragraph at lines 13--35

 []


Overfull \hbox (1.13809pt too wide) in paragraph at lines 13--35
[]
 []

LaTeX Font Info:    Trying to load font information for TS1+EBGaramond-OsF on input line 36.
(C:\Users\Test\AppData\Local\Programs\MiKTeX\tex/latex/ebgaramond\ts1ebgaramond-osf.fd
File: TS1EBGaramond-OsF.fd 2019/10/22 (autoinst) Font definitions for TS1/EBGaramond-OsF.
)
LaTeX Font Info:    Font shape `TS1/EBGaramond-OsF/m/n' in size <12> not available
(Font)              Font shape `TS1/EBGaramond-OsF/regular/n' tried instead on input line 36.
LaTeX Font Info:    Font shape `TS1/EBGaramond-OsF/regular/n' will be
(Font)              scaled to size 12.0pt on input line 36.

Overfull \hbox (1.13809pt too wide) in paragraph at lines 67--73
[]
 []


Overfull \hbox (1.13809pt too wide) in paragraph at lines 81--88
[]
 []

[1

{C:/Users/Test/AppData/Local/MiKTeX/fonts/map/pdftex/pdftex.map}]
Overfull \hbox (1.13809pt too wide) in paragraph at lines 110--116
[]
 []

[2] (test.aux) ) 
Here is how much of TeX's memory you used:
 2086 strings out of 477992
 40355 string characters out of 2827938
 344412 words of memory out of 3000000
 20874 multiletter control sequences out of 15000+600000
 511856 words of font info for 43 fonts, out of 8000000 for 9000
 1141 hyphenation exceptions out of 8191
 55i,5n,62p,306b,229s stack positions out of 10000i,1000n,20000p,200000b,80000s
{C:/Users/Test/AppData/Local/Programs/MiKTeX/fonts/enc/dvips/ebgaramond/ebgm_ld6df2.enc}{C:/Users/Test/AppData/Local/Programs/MiKTeX/fonts/enc/dvips/ebgaramond/ebgm_ljow5q.enc}{C:/Users/Test/AppData/Local/Programs/MiKTeX/fonts/enc/dvips/ebgaramond/ebgm_tcdnmr.enc}<C:/Users/Test/AppData/Local/Programs/MiKTeX/fonts/type1/public/ebgaramond/EBGaramond-Bold.pfb><C:/Users/Test/AppData/Local/Programs/MiKTeX/fonts/type1/public/ebgaramond/EBGaramond-Italic.pfb><C:/Users/Test/AppData/Local/Programs/MiKTeX/fonts/type1/public/ebgaramond/EBGaramond-Regular.pfb>
Output written on test.pdf (2 pages, 308722 bytes).
PDF statistics:
 30 PDF objects out of 1000 (max. 8388607)
 0 named destinations out of 1000 (max. 500000)
 1 words of extra memory for PDF output out of 10000 (max. 10000000)

